---
source: crates/anvil-parser/tests/extract_snapshots.rs
expression: parsed
---
ParsedFile {
    path: "coffee_module.ts",
    modules: [
        ModuleDecl {
            class: ClassRef {
                module: ModulePath {
                    abs: "<self>",
                    original: None,
                },
                name: "CoffeeModule",
            },
            provides: [
                Binding {
                    key: Class {
                        module: ModulePath {
                            abs: "./pump",
                            original: Some(
                                "./pump",
                            ),
                        },
                        name: "Pump",
                        type_args: [],
                    },
                    provider: ProvidesMethod {
                        module: ClassRef {
                            module: ModulePath {
                                abs: "<self>",
                                original: None,
                            },
                            name: "CoffeeModule",
                        },
                        method: "providePump",
                        is_async: false,
                    },
                    scope: Unscoped,
                    deps: [],
                    source: SourceSpan {
                        path: "coffee_module.ts",
                        start: 165,
                        end: 224,
                    },
                    role: None,
                    token_inner_type: None,
                },
            ],
            source: SourceSpan {
                path: "coffee_module.ts",
                start: 132,
                end: 234,
            },
        },
    ],
    components: [],
    subcomponents: [],
    inject_classes: [],
}
