---
source: crates/anvil-parser/tests/extract_snapshots.rs
expression: parsed
---
ParsedFile {
    path: "user-module.ts",
    modules: [
        ModuleDecl {
            class: ClassRef {
                module: ModulePath {
                    abs: "<self>",
                    original: None,
                },
                name: "UserModule",
            },
            provides: [
                Binding {
                    key: Class {
                        module: ModulePath {
                            abs: "./repository",
                            original: Some(
                                "./repository",
                            ),
                        },
                        name: "Repository",
                        type_args: [
                            Class {
                                module: ModulePath {
                                    abs: "./user",
                                    original: Some(
                                        "./user",
                                    ),
                                },
                                name: "User",
                                type_args: [],
                            },
                        ],
                    },
                    provider: ProvidesMethod {
                        module: ClassRef {
                            module: ModulePath {
                                abs: "<self>",
                                original: None,
                            },
                            name: "UserModule",
                        },
                        method: "users",
                        is_async: false,
                    },
                    scope: Unscoped,
                    deps: [],
                    source: SourceSpan {
                        path: "user-module.ts",
                        start: 212,
                        end: 323,
                    },
                    role: None,
                    token_inner_type: None,
                },
            ],
            source: SourceSpan {
                path: "user-module.ts",
                start: 181,
                end: 333,
            },
        },
    ],
    components: [],
    subcomponents: [],
    inject_classes: [],
}
