---
source: crates/anvil-parser/tests/extract_snapshots.rs
expression: parsed
---
ParsedFile {
    path: "service.ts",
    modules: [],
    components: [],
    subcomponents: [],
    inject_classes: [
        Binding {
            key: Class {
                module: ModulePath {
                    abs: "<self>",
                    original: None,
                },
                name: "Service",
                type_args: [],
            },
            provider: InjectCtor {
                class: ClassRef {
                    module: ModulePath {
                        abs: "<self>",
                        original: None,
                    },
                    name: "Service",
                },
            },
            scope: Unscoped,
            deps: [
                Token {
                    name: "primary-db",
                },
            ],
            source: SourceSpan {
                path: "service.ts",
                start: 203,
                end: 260,
            },
            role: None,
            token_inner_type: None,
        },
    ],
}
