---
source: crates/anvil-parser/tests/extract_snapshots.rs
expression: parsed
---
ParsedFile {
    path: "user-service.ts",
    modules: [],
    components: [],
    subcomponents: [],
    inject_classes: [
        Binding {
            key: Class {
                module: ModulePath {
                    abs: "<self>",
                    original: None,
                },
                name: "UserService",
                type_args: [],
            },
            provider: InjectCtor {
                class: ClassRef {
                    module: ModulePath {
                        abs: "<self>",
                        original: None,
                    },
                    name: "UserService",
                },
            },
            scope: Unscoped,
            deps: [
                Class {
                    module: ModulePath {
                        abs: "./repository",
                        original: Some(
                            "./repository",
                        ),
                    },
                    name: "Repository",
                    type_args: [
                        Class {
                            module: ModulePath {
                                abs: "./user",
                                original: Some(
                                    "./user",
                                ),
                            },
                            name: "User",
                            type_args: [],
                        },
                    ],
                },
            ],
            source: SourceSpan {
                path: "user-service.ts",
                start: 205,
                end: 251,
            },
            role: None,
            token_inner_type: None,
        },
    ],
}
