---
source: crates/anvil-parser/tests/extract_snapshots.rs
expression: parsed
---
ParsedFile {
    path: "db-module.ts",
    modules: [
        ModuleDecl {
            class: ClassRef {
                module: ModulePath {
                    abs: "<self>",
                    original: None,
                },
                name: "DbModule",
            },
            provides: [
                Binding {
                    key: Token {
                        name: "primary-db",
                    },
                    provider: ProvidesMethod {
                        module: ClassRef {
                            module: ModulePath {
                                abs: "<self>",
                                original: None,
                            },
                            name: "DbModule",
                        },
                        method: "primaryDb",
                        is_async: false,
                    },
                    scope: Unscoped,
                    deps: [],
                    source: SourceSpan {
                        path: "db-module.ts",
                        start: 218,
                        end: 341,
                    },
                    role: None,
                    token_inner_type: Some(
                        "Database",
                    ),
                },
            ],
            source: SourceSpan {
                path: "db-module.ts",
                start: 189,
                end: 351,
            },
        },
    ],
    components: [],
    subcomponents: [],
    inject_classes: [],
}
