---
source: crates/anvil-parser/tests/extract_snapshots.rs
expression: parsed
---
ParsedFile {
    path: "app.ts",
    modules: [],
    components: [
        ComponentDecl {
            class: ClassRef {
                module: ModulePath {
                    abs: "<self>",
                    original: None,
                },
                name: "App",
            },
            modules: [],
            scope: Unscoped,
            entry_points: [
                EntryPoint {
                    name: "requestComponent",
                    key: Class {
                        module: ModulePath {
                            abs: "<self>",
                            original: None,
                        },
                        name: "RequestComponent",
                        type_args: [],
                    },
                    source: SourceSpan {
                        path: "app.ts",
                        start: 419,
                        end: 500,
                    },
                    factory_params: [
                        FactoryParam {
                            name: "req",
                            key: Class {
                                module: ModulePath {
                                    abs: "<self>",
                                    original: None,
                                },
                                name: "HttpRequest",
                                type_args: [],
                            },
                            source: SourceSpan {
                                path: "app.ts",
                                start: 445,
                                end: 461,
                            },
                        },
                        FactoryParam {
                            name: "res",
                            key: Class {
                                module: ModulePath {
                                    abs: "<self>",
                                    original: None,
                                },
                                name: "HttpResponse",
                                type_args: [],
                            },
                            source: SourceSpan {
                                path: "app.ts",
                                start: 463,
                                end: 480,
                            },
                        },
                    ],
                },
            ],
            source: SourceSpan {
                path: "app.ts",
                start: 386,
                end: 510,
            },
        },
    ],
    subcomponents: [
        SubcomponentDecl {
            class: ClassRef {
                module: ModulePath {
                    abs: "<self>",
                    original: None,
                },
                name: "RequestComponent",
            },
            modules: [],
            scope: Unscoped,
            entry_points: [
                EntryPoint {
                    name: "handler",
                    key: Class {
                        module: ModulePath {
                            abs: "<self>",
                            original: None,
                        },
                        name: "RequestHandler",
                        type_args: [],
                    },
                    source: SourceSpan {
                        path: "app.ts",
                        start: 288,
                        end: 323,
                    },
                    factory_params: [],
                },
            ],
            source: SourceSpan {
                path: "app.ts",
                start: 242,
                end: 333,
            },
        },
    ],
    inject_classes: [],
}
