---
source: crates/anvil-parser/tests/extract_snapshots.rs
expression: parsed
---
ParsedFile {
    path: "coffee.ts",
    modules: [
        ModuleDecl {
            class: ClassRef {
                module: ModulePath {
                    abs: "<self>",
                    original: None,
                },
                name: "CoffeeModule",
            },
            provides: [
                Binding {
                    key: Class {
                        module: ModulePath {
                            abs: "<self>",
                            original: None,
                        },
                        name: "Heater",
                        type_args: [],
                    },
                    provider: ProvidesMethod {
                        module: ClassRef {
                            module: ModulePath {
                                abs: "<self>",
                                original: None,
                            },
                            name: "CoffeeModule",
                        },
                        method: "provideTimer",
                        is_async: false,
                    },
                    scope: Unscoped,
                    deps: [],
                    source: SourceSpan {
                        path: "coffee.ts",
                        start: 367,
                        end: 431,
                    },
                    role: None,
                    token_inner_type: None,
                },
            ],
            source: SourceSpan {
                path: "coffee.ts",
                start: 334,
                end: 441,
            },
        },
    ],
    components: [
        ComponentDecl {
            class: ClassRef {
                module: ModulePath {
                    abs: "<self>",
                    original: None,
                },
                name: "CoffeeShop",
            },
            modules: [
                ClassRef {
                    module: ModulePath {
                        abs: "<self>",
                        original: None,
                    },
                    name: "CoffeeModule",
                },
            ],
            scope: Unscoped,
            entry_points: [
                EntryPoint {
                    name: "pump",
                    key: Class {
                        module: ModulePath {
                            abs: "<self>",
                            original: None,
                        },
                        name: "Pump",
                        type_args: [],
                    },
                    source: SourceSpan {
                        path: "coffee.ts",
                        start: 546,
                        end: 568,
                    },
                    factory_params: [],
                },
            ],
            source: SourceSpan {
                path: "coffee.ts",
                start: 506,
                end: 578,
            },
        },
    ],
    subcomponents: [],
    inject_classes: [
        Binding {
            key: Class {
                module: ModulePath {
                    abs: "<self>",
                    original: None,
                },
                name: "Heater",
                type_args: [],
            },
            provider: InjectCtor {
                class: ClassRef {
                    module: ModulePath {
                        abs: "<self>",
                        original: None,
                    },
                    name: "Heater",
                },
            },
            scope: Singleton,
            deps: [],
            source: SourceSpan {
                path: "coffee.ts",
                start: 169,
                end: 185,
            },
            role: None,
            token_inner_type: None,
        },
        Binding {
            key: Class {
                module: ModulePath {
                    abs: "<self>",
                    original: None,
                },
                name: "Pump",
                type_args: [],
            },
            provider: InjectCtor {
                class: ClassRef {
                    module: ModulePath {
                        abs: "<self>",
                        original: None,
                    },
                    name: "Pump",
                },
            },
            scope: Unscoped,
            deps: [
                Class {
                    module: ModulePath {
                        abs: "<self>",
                        original: None,
                    },
                    name: "Heater",
                    type_args: [],
                },
            ],
            source: SourceSpan {
                path: "coffee.ts",
                start: 253,
                end: 291,
            },
            role: None,
            token_inner_type: None,
        },
    ],
}
